// CHECK:CC := icpx -fsycl
// CHECK:LD := $(CC)
// CHECK:#DPCT2001:0: You can link with more library by add them here.
// CHECK:LIB := 
// CHECK:FLAGS := 
// CHECK:TARGET_0_SRC_0 = ./source/foo.dp.cpp
// CHECK:TARGET_0_OBJ_0 = ./source/foo.dp.o
// CHECK:TARGET_0_FLAG_0 = ${FLAGS}
// CHECK:TARGET_0 := foo
// CHECK:TARGET :=  ${TARGET_0}
// CHECK:.PHONY:all clean
// CHECK:OBJS_0 :=  ${TARGET_0_OBJ_0}
// CHECK:all: $(TARGET)
// CHECK:$(TARGET_0): $(OBJS_0)
// CHECK:	$(CC) -o $@ $^ $(LIB) 
// CHECK:$(TARGET_0_OBJ_0):$(TARGET_0_SRC_0)
// CHECK:	$(CC) -c ${TARGET_0_SRC_0} -o ${TARGET_0_OBJ_0} $(TARGET_0_FLAG_0)
// CHECK:clean:
// CHECK:	rm -f  ${OBJS_0} $(TARGET)
