// CHECK:CC := icpx
// CHECK:LD := $(CC)
// CHECK:#DPCT2001:0: You can link with more library by add them here.
// CHECK:LIB := 
// CHECK:FLAGS := 
// CHECK:ifeq ($(shell which $(CC)),)
// CHECK:	$(error ERROR - $(CC) compiler not found)
// CHECK:endif
// CHECK:ROOT_DIR     := $(shell dirname $(shell which $(CC)))
// CHECK:INCLUDE_SYCL := $(ROOT_DIR)/../include
// CHECK:INCLUDE_CL   := $(ROOT_DIR)/../include/sycl
// CHECK:TARGET_0_SRC_0 = ./source/foo.dp.cpp
// CHECK:TARGET_0_OBJ_0 = ./source/foo.dp.o
// CHECK:TARGET_0_FLAG_0 = -std=c++20 -I. ${FLAGS}
// CHECK:TARGET_0_SRC_1 = ./source/bar.cpp.dp.cpp
// CHECK:TARGET_0_OBJ_1 = ./source/bar.cpp.dp.o
// CHECK:TARGET_0_FLAG_1 = -std=c++17 -I $(INCLUDE_SYCL) -I $(INCLUDE_CL) ${FLAGS}
// CHECK:TARGET_0 := ./build/app
// CHECK:TARGET :=  ${TARGET_0}
// CHECK:.PHONY:all clean
// CHECK:OBJS_0 :=  ${TARGET_0_OBJ_0} ${TARGET_0_OBJ_1}
// CHECK:all: $(TARGET)
// CHECK:$(TARGET_0): $(OBJS_0)
// CHECK:	$(CC) -fsycl -o $@ $^ $(LIB) 
// CHECK:$(TARGET_0_OBJ_0):$(TARGET_0_SRC_0)
// CHECK:	$(CC) -fsycl -c ${TARGET_0_SRC_0} -o ${TARGET_0_OBJ_0} $(TARGET_0_FLAG_0)
// CHECK:$(TARGET_0_OBJ_1):$(TARGET_0_SRC_1)
// CHECK:	g++ -c ${TARGET_0_SRC_1} -o ${TARGET_0_OBJ_1} $(TARGET_0_FLAG_1)
// CHECK:clean:
// CHECK:	rm -f  ${OBJS_0} $(TARGET)
