// CHECK:CC := icpx
// CHECK:LD := $(CC)
// CHECK:#DPCT2001:0: You can link with more libraries by adding them here.
// CHECK:LIB :=
// CHECK:FLAGS :=
// CHECK:ifeq ($(shell which $(CC)),)
// CHECK:    $(error ERROR - $(CC) compiler not found)
// CHECK:endif
// CHECK:ROOT_DIR     := $(shell dirname $(shell which $(CC)))
// CHECK:INCLUDE_SYCL := $(ROOT_DIR)/../include
// CHECK:INCLUDE_CL   := $(ROOT_DIR)/../include/sycl
// CHECK:TARGET_0_SRC_0 = ./hello.dp.cpp
// CHECK:TARGET_0_OBJ_0 = ./hello.dp.o
// CHECK:TARGET_0_FLAG_0 = ${FLAGS}
// CHECK:.PHONY:all clean
// CHECK:OBJS_0 :=  ${TARGET_0_OBJ_0}
// CHECK:OBJS :=  ${OBJS_0}
// CHECK:all: $(OBJS)
// CHECK:$(TARGET_0_OBJ_0):$(TARGET_0_SRC_0)
// CHECK:        $(CC) -fsycl -c ${TARGET_0_SRC_0} -o ${TARGET_0_OBJ_0} $(TARGET_0_FLAG_0)
// CHECK:clean:
// CHECK:        rm -f  ${OBJS_0}
